2026-02-11 21:08:28,165 [INFO] ==================================================
2026-02-11 21:08:28,165 [INFO] LED OFF script started
2026-02-11 21:08:28,165 [INFO] ==================================================
2026-02-11 21:08:28,166 [INFO] Logging in to eWeLink...
2026-02-11 21:08:30,383 [INFO] Discovering devices...
2026-02-11 21:08:30,460 [INFO] Sending OFF command to Ledy Wojtek
2026-02-11 21:08:30,683 [INFO] Successfully turned OFF Ledy Wojtek
2026-02-11 23:53:37,233 [INFO] ==================================================
2026-02-11 23:53:37,233 [INFO] LED OFF script started
2026-02-11 23:53:37,233 [INFO] ==================================================
2026-02-11 23:53:37,233 [INFO] Logging in to eWeLink...
2026-02-11 23:53:39,548 [INFO] Discovering devices...
2026-02-11 23:53:39,617 [INFO] Sending OFF command to Ledy Wojtek
2026-02-11 23:53:39,800 [ERROR] Error: 'charmap' codec can't encode character '\u2713' in position 0: character maps to <undefined>
Traceback (most recent call last):
  File "E:\Scripts\led\led_off.py", line 61, in turn_off_led
    print(f"\u2713 Wy³¹czono {device['name']}")
    ~~~~~^^^^^^^^^^^^^^^^^^^^^^^^^^^^^^^^^
  File "C:\Users\halas\AppData\Local\Python\pythoncore-3.14-64\Lib\encodings\cp1250.py", line 19, in encode
    return codecs.charmap_encode(input,self.errors,encoding_table)[0]
           ~~~~~~~~~~~~~~~~~~~~~^^^^^^^^^^^^^^^^^^^^^^^^^^^^^^^^^^
UnicodeEncodeError: 'charmap' codec can't encode character '\u2713' in position 0: character maps to <undefined>
2026-02-11 23:53:39,815 [ERROR] Fatal error: 'charmap' codec can't encode character '\u2717' in position 0: character maps to <undefined>
Traceback (most recent call last):
  File "E:\Scripts\led\led_off.py", line 61, in turn_off_led
    print(f"\u2713 Wy³¹czono {device['name']}")
    ~~~~~^^^^^^^^^^^^^^^^^^^^^^^^^^^^^^^^^
  File "C:\Users\halas\AppData\Local\Python\pythoncore-3.14-64\Lib\encodings\cp1250.py", line 19, in encode
    return codecs.charmap_encode(input,self.errors,encoding_table)[0]
           ~~~~~~~~~~~~~~~~~~~~~^^^^^^^^^^^^^^^^^^^^^^^^^^^^^^^^^^
UnicodeEncodeError: 'charmap' codec can't encode character '\u2713' in position 0: character maps to <undefined>

During handling of the above exception, another exception occurred:

Traceback (most recent call last):
  File "E:\Scripts\led\led_off.py", line 87, in main
    success = asyncio.run(turn_off_led())
  File "C:\Users\halas\AppData\Local\Python\pythoncore-3.14-64\Lib\asyncio\runners.py", line 204, in run
    return runner.run(main)
           ~~~~~~~~~~^^^^^^
  File "C:\Users\halas\AppData\Local\Python\pythoncore-3.14-64\Lib\asyncio\runners.py", line 127, in run
    return self._loop.run_until_complete(task)
           ~~~~~~~~~~~~~~~~~~~~~~~~~~~~~^^^^^^
  File "C:\Users\halas\AppData\Local\Python\pythoncore-3.14-64\Lib\asyncio\base_events.py", line 719, in run_until_complete
    return future.result()
           ~~~~~~~~~~~~~^^
  File "E:\Scripts\led\led_off.py", line 71, in turn_off_led
    print(f"\u2717 Error: {e}")
    ~~~~~^^^^^^^^^^^^^^^^^
  File "C:\Users\halas\AppData\Local\Python\pythoncore-3.14-64\Lib\encodings\cp1250.py", line 19, in encode
    return codecs.charmap_encode(input,self.errors,encoding_table)[0]
           ~~~~~~~~~~~~~~~~~~~~~^^^^^^^^^^^^^^^^^^^^^^^^^^^^^^^^^^
UnicodeEncodeError: 'charmap' codec can't encode character '\u2717' in position 0: character maps to <undefined>
2026-02-11 23:54:11,332 [INFO] ==================================================
2026-02-11 23:54:11,332 [INFO] LED OFF script started
2026-02-11 23:54:11,332 [INFO] ==================================================
2026-02-11 23:54:11,333 [INFO] Logging in to eWeLink...
2026-02-11 23:54:13,565 [INFO] Discovering devices...
2026-02-11 23:54:13,664 [INFO] Sending OFF command to Ledy Wojtek
2026-02-11 23:54:13,796 [ERROR] Error: 'charmap' codec can't encode character '\u2713' in position 0: character maps to <undefined>
Traceback (most recent call last):
  File "E:\Scripts\led\led_off.py", line 61, in turn_off_led
    print(f"\u2713 Wy³¹czono {device['name']}")
    ~~~~~^^^^^^^^^^^^^^^^^^^^^^^^^^^^^^^^^
  File "C:\Users\halas\AppData\Local\Python\pythoncore-3.14-64\Lib\encodings\cp1250.py", line 19, in encode
    return codecs.charmap_encode(input,self.errors,encoding_table)[0]
           ~~~~~~~~~~~~~~~~~~~~~^^^^^^^^^^^^^^^^^^^^^^^^^^^^^^^^^^
UnicodeEncodeError: 'charmap' codec can't encode character '\u2713' in position 0: character maps to <undefined>
2026-02-11 23:54:13,798 [ERROR] Fatal error: 'charmap' codec can't encode character '\u2717' in position 0: character maps to <undefined>
Traceback (most recent call last):
  File "E:\Scripts\led\led_off.py", line 61, in turn_off_led
    print(f"\u2713 Wy³¹czono {device['name']}")
    ~~~~~^^^^^^^^^^^^^^^^^^^^^^^^^^^^^^^^^
  File "C:\Users\halas\AppData\Local\Python\pythoncore-3.14-64\Lib\encodings\cp1250.py", line 19, in encode
    return codecs.charmap_encode(input,self.errors,encoding_table)[0]
           ~~~~~~~~~~~~~~~~~~~~~^^^^^^^^^^^^^^^^^^^^^^^^^^^^^^^^^^
UnicodeEncodeError: 'charmap' codec can't encode character '\u2713' in position 0: character maps to <undefined>

During handling of the above exception, another exception occurred:

Traceback (most recent call last):
  File "E:\Scripts\led\led_off.py", line 87, in main
    success = asyncio.run(turn_off_led())
  File "C:\Users\halas\AppData\Local\Python\pythoncore-3.14-64\Lib\asyncio\runners.py", line 204, in run
    return runner.run(main)
           ~~~~~~~~~~^^^^^^
  File "C:\Users\halas\AppData\Local\Python\pythoncore-3.14-64\Lib\asyncio\runners.py", line 127, in run
    return self._loop.run_until_complete(task)
           ~~~~~~~~~~~~~~~~~~~~~~~~~~~~~^^^^^^
  File "C:\Users\halas\AppData\Local\Python\pythoncore-3.14-64\Lib\asyncio\base_events.py", line 719, in run_until_complete
    return future.result()
           ~~~~~~~~~~~~~^^
  File "E:\Scripts\led\led_off.py", line 71, in turn_off_led
    print(f"\u2717 Error: {e}")
    ~~~~~^^^^^^^^^^^^^^^^^
  File "C:\Users\halas\AppData\Local\Python\pythoncore-3.14-64\Lib\encodings\cp1250.py", line 19, in encode
    return codecs.charmap_encode(input,self.errors,encoding_table)[0]
           ~~~~~~~~~~~~~~~~~~~~~^^^^^^^^^^^^^^^^^^^^^^^^^^^^^^^^^^
UnicodeEncodeError: 'charmap' codec can't encode character '\u2717' in position 0: character maps to <undefined>
