[31/01/2026 19:42:13] === START ALL MODE ===
[31/01/2026 19:42:13] AutoSync - Started successfully
[31/01/2026 19:42:14] Fred Bot - Already running, restarting...
[31/01/2026 19:42:15] Fred Bot - Started successfully
[31/01/2026 19:42:16] Qred Bot - Already running, restarting...
[31/01/2026 19:42:18] Qred Bot - Started successfully
[31/01/2026 19:42:18] LED Lights - Started successfully
[31/01/2026 19:42:19] Control Station - Already running, restarting...
[31/01/2026 19:42:21] Control Station - Started successfully
[31/01/2026 19:42:21] Complete: 5 launched, 3 restarted
[31/01/2026 19:42:52] === START ALL MODE ===
[31/01/2026 19:42:52] AutoSync - Started successfully
[31/01/2026 19:42:53] Fred Bot - Already running, restarting...
[31/01/2026 19:42:54] Fred Bot - Started successfully
[31/01/2026 19:42:55] Qred Bot - Already running, restarting...
[31/01/2026 19:42:57] Qred Bot - Started successfully
[31/01/2026 19:42:57] LED Lights - Started successfully
[31/01/2026 19:42:58] Control Station - Already running, restarting...
[31/01/2026 19:43:00] Control Station - Started successfully
[31/01/2026 19:43:00] Complete: 5 launched, 3 restarted
[31/01/2026 19:51:35] === START ALL MODE ===
[31/01/2026 19:51:35] AutoSync - Started successfully
[31/01/2026 19:51:36] Fred Bot - Started successfully
[31/01/2026 19:51:37] Qred Bot - Started successfully
[31/01/2026 19:51:37] LED Lights - Started successfully
[31/01/2026 19:51:38] Control Station - Started successfully
[31/01/2026 19:51:39] Complete: 5 launched, 0 restarted
[01/02/2026 15:35:20] === START ALL MODE ===
[01/02/2026 15:35:20] AutoSync - Started successfully
[01/02/2026 15:35:21] Fred Bot - Started successfully
[01/02/2026 15:35:21] Qred Bot - Started successfully
[01/02/2026 15:35:22] LED Lights - Started successfully
[01/02/2026 15:35:23] Control Station - Started successfully
[01/02/2026 15:35:23] Complete: 5 launched, 0 restarted
[02/02/2026 11:01:00] === START ALL MODE ===
[02/02/2026 11:01:00] AutoSync - Started successfully
[02/02/2026 11:01:01] Fred Bot - Started successfully
[02/02/2026 11:01:02] Qred Bot - Started successfully
[02/02/2026 11:01:02] LED Lights - Started successfully
[02/02/2026 11:01:03] Control Station - Started successfully
[02/02/2026 11:01:04] Complete: 5 launched, 0 restarted
[02/02/2026 13:45:11] === START ALL MODE ===
[02/02/2026 13:45:11] AutoSync - Started successfully
[02/02/2026 13:45:12] Fred Bot - Already running, restarting...
[02/02/2026 13:45:13] Fred Bot - Started successfully
[02/02/2026 13:45:14] Qred Bot - Already running, restarting...
[02/02/2026 13:45:16] Qred Bot - Started successfully
[02/02/2026 13:45:16] LED Lights - Started successfully
[02/02/2026 13:45:17] Control Station - Already running, restarting...
[02/02/2026 13:45:19] Control Station - Started successfully
[02/02/2026 13:45:19] Complete: 5 launched, 3 restarted
[02/02/2026 14:04:29] === START ALL MODE ===
[02/02/2026 14:04:29] Fred Bot - Already running, restarting...
[02/02/2026 14:04:31] Fred Bot - Started successfully
[02/02/2026 14:04:32] Qred Bot - Already running, restarting...
[02/02/2026 14:04:33] Qred Bot - Started successfully
[02/02/2026 14:04:34] LED Lights - Started successfully
[02/02/2026 14:04:35] USB Sync Monitor - Started successfully
[02/02/2026 14:04:35] Control Station - Already running, restarting...
[02/02/2026 14:04:37] Control Station - Started successfully
[02/02/2026 14:04:37] Complete: 5 launched, 3 restarted
